C:\GAMES\SPELL\DRIVERS\ADLIB.MDI
C:\GAMES\SPELL\DRIVERS\ADLIBG.MDI
C:\GAMES\SPELL\DRIVERS\AUDIODRV.DIG
C:\GAMES\SPELL\DATA\COMMON.FS
C:\GAMES\SPELL\DATA\DEVAST.FS
C:\GAMES\SPELL\DRIVERS\DIGMAXI.DIG
C:\GAMES\SPELL\DOS4GW.EXE
C:\GAMES\SPELL\DRIVERS\ESFM.MDI
C:\GAMES\SPELL\DRIVERS\FATMAN.AD
C:\GAMES\SPELL\DRIVERS\FATMAN.OPL
C:\GAMES\SPELL\DATA\INFO.FS
C:\GAMES\SPELL\DRIVERS\IWAV.DIG
C:\GAMES\SPELL\DRIVERS\IWAV.MDI
C:\GAMES\SPELL\DRIVERS\JAMMER.DIG
C:\GAMES\SPELL\DRIVERS\MDIMAXI.MDI
C:\GAMES\SPELL\DRIVERS\MPU401.MDI
C:\GAMES\SPELL\DRIVERS\MSSDRVR.LST
C:\GAMES\SPELL\DRIVERS\MSSW95.EXE
C:\GAMES\SPELL\DRIVERS\MT32MPU.MDI
C:\GAMES\SPELL\DRIVERS\NULL.MDI
C:\GAMES\SPELL\DRIVERS\NVDIG.DIG
C:\GAMES\SPELL\DRIVERS\NVMPU.MDI
C:\GAMES\SPELL\DRIVERS\OPL3.MDI
C:\GAMES\SPELL\DRIVERS\PAS.MDI
C:\GAMES\SPELL\DRIVERS\PASPLUS.MDI
C:\GAMES\SPELL\DRIVERS\PCSPKR.MDI
C:\GAMES\SPELL\DRIVERS\PROAUDIO.DIG
C:\GAMES\SPELL\DATA\PUST.FS
C:\GAMES\SPELL\DRIVERS\RAP10.DIG
C:\GAMES\SPELL\DATA\RESEARCH.FS
C:\GAMES\SPELL\DATA\SAMPLES.FS
C:\GAMES\SPELL\DRIVERS\SB16.DIG
C:\GAMES\SPELL\DRIVERS\SBAWE32.MDI
C:\GAMES\SPELL\DRIVERS\SBLASTER.DIG
C:\GAMES\SPELL\DRIVERS\SBLASTER.MDI
C:\GAMES\SPELL\DRIVERS\SBPRO.DIG
C:\GAMES\SPELL\DRIVERS\SBPRO1.MDI
C:\GAMES\SPELL\DRIVERS\SBPRO2.MDI
C:\GAMES\SPELL\SETSOUND.BAT
C:\GAMES\SPELL\DRIVERS\SETSOUND.EXE
C:\GAMES\SPELL\DRIVERS\SNDSCAPE.DIG
C:\GAMES\SPELL\DRIVERS\SNDSCAPE.MDI
C:\GAMES\SPELL\DRIVERS\SNDSYS.DIG
C:\GAMES\SPELL\SPELCROS.EXE
C:\GAMES\SPELL\SPELCROS.ICO
C:\GAMES\SPELL\DATA\T11.FS
C:\GAMES\SPELL\DRIVERS\TANDY.MDI
C:\GAMES\SPELL\DATA\TEXTS.FS
C:\GAMES\SPELL\DRIVERS\ULTRA.DIG
C:\GAMES\SPELL\DRIVERS\ULTRA.MDI
C:\GAMES\SPELL\DATA\UNITS.FSU
